// Jest Snapshot v1, https://goo.gl/fbAQLP

exports[`<Loader /> should render Loader component 1`] = `"<div class=\\"MuiCircularProgress-root Loader-root-1 root MuiCircularProgress-colorPrimary MuiCircularProgress-indeterminate\\" style=\\"width:30px;height:30px\\" role=\\"progressbar\\"><svg class=\\"MuiCircularProgress-svg\\" viewBox=\\"22 22 44 44\\"><circle class=\\"MuiCircularProgress-circle MuiCircularProgress-circleIndeterminate\\" cx=\\"44\\" cy=\\"44\\" r=\\"19.5\\" fill=\\"none\\" stroke-width=\\"5\\"></circle></svg></div>"`;
